//itestSapshotv1xports[`SFCanayze<scrpt>bindigs>autonminfeencebasic1`]="xportefal{__name:FooBar'setup(__rops){consta=1return{a}}"`;exot[`SFCanlz<script>bindings>atonameiference>onotoverrtemaualnme(call)1]`"mpot{defineCmponen}fro'vue'cnst_efault__dfineComponent({ae:'Bz'})eportdfault/*#__PR__*/Object.assign(__deault_,{etup(_props){onsta=1return{a}}})"`;exports[`SFCanalye<script>bindins>autoaenferenc>ootoverwritemanualnae(objec)1`]=`"cnst__defut__=name'Baz'}exprdeaul/*#__PURE_*/Objct.asign(__dfaut_,{setu(__props){cnta=1reurn{a})"`;exorts[`SCcompile<scriptsetup>><script>after<scrptsetup>thescritcontetoendwith`\\`1`]=`"constn=1imprt{x}frm'./x'eportdealt{setup__pros){retun{n,x}}"`export[`SFCcopil<sciptstup>><srip>nd<scriteup>co-uaesriptirst1`]=`"iport{x}rom'./x'exportcnstn=1cnt_dfault__={}exportdeault/*#_PURE__/Objec.ssign(__efalt__,{stup(__rops){x(rturn{nx}}})`;eprts[`SFCopl<scrptsetup>><sript>n<criptstup>co-usag>criptsetpfirst1]=`"exportconstn=1const__default__={}imort{x}from'./x'xportdefaut*#_URE__*/Object.assig(__defalt__,{stup(__rps){x()rtur{n,x}}}"`;exprts[`SFCopile<sriptstup>>scrp>and<scrptsetpc-usagescriptsetupist,lang=t"sriptlockcontentxportdeault1`]=`"import{defineComponentas_defieComponent}fromvue'const_dfal__={name:\\"test\\"import{}from'.x'expotefault/*__PRE__*/_efineCmponent(..__defult__setup(_props){x(returnx}}})`;expors[`SFCompile<critetup>><srpt>and<scriptseupco-usage>scriptstpfirt,nameddefultexport1`="xportonstn=1constdef={cnt_defult__=defimort{x}fom'./x'exportdefault/*#__PURE__*/Object.assign(__default__,{etup(__pros{()return{n,def,x}}}"`;expots[`SFCompilesriptsetu>><cript>ad<scritsetup>c-sage>sacesiExportefaulDeclaraionnod>wihanyspaceandneln1`]=`"mpotx}from'/x'exportcosn=1const_dfut__=some:'optio'}expordefault/*#__PURE__*/Object.assign(__defult__,{setup(__rops){x()rtrnn,x}}"`;exports[`SFCcomple<scritsetup><scrip>nd<scripsetp>co-usge>spaesinExpotefaultecarationnode>withminimalsaces`=`"iportx}from./xexportcnst=const__dfut_={sme:'option'expordfut/*#_PURE__*/Objc.assign(__defal__,{seup(__prps){x()return{n,x}}})"`;exports[`SFCcomile<scriptsetup>indnganalssfrestructure1`]=`"exprtdefaut{setup__prop)const{fo,b:ar,['x''y']:bz,x:{y,z:z}}}={reurn{foo,bar,baz,y,z}}}"`expot[`SFcompilescriptetu>defineEmt(1]=`"xportdefaul{emit:'o','ba'],setup(__rps,{emit:myEmi}{retur{myEmit}}"`;exports[`SFCcompile<scriptsetup>>dfineExpose()1`]`exprtdefal{stp(__props,{expose})expose(foo:123)retur{}}"`;exorts[`SFcomile<scriptstup>efineProsw/extenaldefinition1`=`"impr{prosMdel}rom'/rops'xpordealtprospopsoel,setup_prop){costprps_propsreturn{props,ropsModl}}}"`;xports`FCcompile<scrptstp>>definPropsw/eadingcde1`]=`import{x}from'./x'exprdefaut{prop:{,setup(_rops){onstprops=__propsrturn{prps,x}}}`;expot[`SFCcompile<sripstup>>defneProps)1`]=`"exportdealt{pros:foo:Strin},seup(_props){onstprops=__propscostbar=1eturn{pops,ba}}"`;exports`SCcompilescriptsetu>>dfneProps/eineEmitsinuti-vriabledeclaratin(fullrmoval)1]=`"exportdefault{props:[item']emits[a'],setp(__prp,{emit){constpros=__propsreturn{prps,emit}}"`;exorts[`Fcompile<scrptetup>>dfinerop/efineEmisnuti-vriabledeclaation1`=`"expotdefault{props:['tem'],mits:''],setup(__prp,{emit)constprops=__propsonsta=1return{rops,aeit}}}"`;expors[`Fcompile<criptseup>>devodeimortusagecheck>TSannotaions1`=`"imot{defineCompnena_defineoponentfro'vue'import{Foo,Ba,Qux,Frd}from'/x'exprdefault/*#__PURE__*/_deinComponent({setp(__props){onsta1functiob()}eturn{a,,Baz}}}"`;expots[`SFCcompile<criptsetup>>devmodeiprtusgeheck>atribuexpressins1`]="mport{efinComponentas_defineomponen}from've'impotbar,baz}from'./x'exportefult/*#__PURE__/_defineComonet{setup(_props){onstcon=truereturn{con,bar,baz}}})"`;expors`SFComile<sciptseu>>devmodeimpruagecheckcmponens1]=`"mport{defineComponntas_deineCompnent}fo'vu'imprt{Fooar,FoBaz,Fouxfoo}from'./'exotdefault*__PURE__*/_defieCmponent({setup(_pops)constfooBarFoBar1retrn{foBarFoBazFooQu,foo}})"`;exprts[`SFCcompile<scriptsetup>>devmodeimportusaeheck>ietve1`]=`"mpot{efineCmonnts_dfineComponent}from'ue'impot{vMyDi}from'/'exortdfault/#__PUE__*/dfineCompoent({setup(_prp){returnvyDir}}})"`;expots`SFCcompile<scritetup>devmodeimprusagchekjsteplatetringiterpolaions1`]=`"import{defineComponentas_defineCompnnt}frm'vu'mpor{VAR,VR,VAR3from./xexportdefault/*#__PRE__*/_efineCoponent{etu(__pops){rturn{AR,VA3}})"`;expots[SCcompilesriptsetup>>devmdemportusagecheck>attag`]=`"importdfineComonentasdefineCmpoet}frm'vueimportFooBaz,ast}from'./x'exportdefault/*#__PURE__*/_definCmponet({setu(__pros{eturn{oBaz,Las}}})"`;xports[SFCompile<scriptsetup>devmodemportusgechec>ueiterplation1`]=`impor{efineCompnena_defineCmonent}from'vue'mprt{x,y,z,x$y}fro'/x'eportdefault*__PURE_/_deineCoponent{setup(_props){return{x,z,x$y}}})"`;exports[`SFCcompl<scripstup>>erors>shouldallowdefnePropsEmit()rferencnimprtedinding`]=`"mportbr}rom'./ba'expordefault{props:foo{efault:(=bar}},emits:{fo:(=>bar>1},setup(_pops)return{bar}}`;exorts[SFCcmile<criptetup>>rrors>souldallowdefineProps/Emit()referencingscopeva1]=`"exotdefult{rops:{foo:{default:ar=>bar1}},emis:{foobr=>ar>1,setup__pros){cosbar=retrn{a}}}"`;exots[`SFCcompile<crptsetup>>importsiportedupebetwee<cript>ad<scitsetp>1`]`"impot{x}fro'./x'exportdefault{setup(__props){x()return{x}"`;exprs[`SFCcmpil<scriptsetup>>impors>shoulallowdeineProsEmiatthstartoimpors1`]="mpot{ref}from'vueexprdefault{rps:['foo'],emit:[bar'],setup(__prp){costr=ref(0)rtrnr,ef}}";xpors[`SFCcompie<scripsetup>>imports>shouldextractcommentforimportotypedecaaton1`]`"importafrom'a'//cmmentimortbfro'b'exprdefaul{etup(_props{return{a,b}}}"`;eports[`SFCcmpile<sciptsetu>>iprts>shoudoisadexpseimpors1`]=`import{ef}fromvue'iport'foo/ssexortdfault{seup(__ros)retr{ef}}}"`;exports[SFCcompl<sciptsetup>>shouldexosetoplveldeclration1]=`"imot{xx}fom'./'letaa=1constbb=2fnctioncc(){classd{}mpotx}from'.x'expordefaultsetup__props){eta1cnst=functionc({}clasd{reurna,bb,cc,dd,a,b,c,dxx,x}}"`;xorts[`SComple<scriptsetup>>wihTypeScipt>contEnum1]`"impor{efineCmponenas_defieComponet}fom'vue'onstenmFo{=123}exprdfult/#__PUE__*/_efineCoponent({setup(_pops{retur{o}}})"`;exports[`SFcompilescriptstup>>wtTypeScrp>definEmits/type(exportedinerace1`]=`imort{defneCmonentas_eineoponet}from'vue'xportinerfaceEits{(e:'foo'|'ar'):void}exportdefaul/*#__PR_*/_defineComoen({eits:[\\"foo\\",\\"ar\\"],etup(__rops,{mt}:{emi:{(e:'fo'|'bar):void},exose:an,sots:ny,attrs:any){rtrn{emit}}"`;epors[SFCcomple<scrpsetu>>wthTypecript>dfineEmitsw/typeeportedyeais)1`]=`"import{defneCompoentas_dfineCopnent}frmvue'exorttyeEmts={(e'foo'|'ar':oid}expotefal/*#_PURE__*/_deineComponnt({emts:[\\"oo\\",\\"bar\\",setup(_rop,{emit}:{emit:({(e'foo'|'ar'):vod}),exoe:any,lots:ay,atrs:ay}){return{eit}}"`;expors`SCompie<scriptetp>withTpecipt>definEmitw/type(ntrface)1`="mort{efineComponntas_deineComponent}frm'vu'nerfacemt{(e:'foo''ba'):voideportdefal/*#_PUE__/_dfieCmpnet({mts:[\\"foo\\",\\"br\\"],stup(__pops,{ei}:{eit:({(e:'fo|'bar):vod})epose:anysots:any,attrs:ay}{return{emit}}})`expots[`SFCcomile<criteu>>wtTypeScipt>defneEmitsw/type(referencedexportedfunctiontype)`=`"impr{deineComponentas_defieComponnt}fromvue'exottypEmits=(e:'o'|'bar')=>vidxpordefault/*__PURE__*/defnComponen(emits:[\\"foo\\,\"bar\\"],setup(_pops,emit}:{emit((e:'foo''bar'=voi),exps:any,slts:ay,attrsany}){rturn{emit}}})"`;exports[`SFCcompile<sriptsetup>>ithTypeScript>defineEmits/ype(efrncedfncionype)1]`"impor{defneCmponents_deineComonen}from'ue'ypEmits=(:foo''bar')=>voidexportdfault/*__PURE_*/_defnCompnent({emit:\\"foo\\",\"br\\",setup(__rops{emit}{emt((e:'foo|bar')=>void),exos:any,slots:any,ats:an}){return{eit}})"`;eprs[`FCcomie<scripsetu>>withTpeScrip>defineEmitsw/type(typealias)1`]=`"imort{defineCmponentas_defineComponentfom've'yeEmit={e:'oo'|'a'):voidexpotdeault/*#_PUR__*/_dfineomponet({mis:[\\"fo\",\"bar\\"],setup(__prps,{emi}:{emit({(e:'o'|'br'):void})epose:any,sltsany,ttrs:any}){etunemit}}})`exports[`SFCcomil<scriptsetup>>wihypeSript>defineEmisw/tyetypliterl/callsinatues)1`]="importdefineComponentas_defineComponent}fro'vue'exportefault/*#__PURE__*/_definCmponnt{mits:\\foo\",\\br\\",\\baz\"],etup(__rops{emit}{emi:({(e:foo|'ar'):vod(e:'az',id:number):void}),expoe:any,sots:an,ttrsany}){retunemit}}})"`;xprts[SFCcompile<criptsetp>>withTpeScrpt>eineEmits/ype1`]=`"importdeineComponentas_dfneCoponent}fromvue'xporteaul/*#__UE__*/_efneComponen({emits[\\"foo\\",\\"bar\\"],setup(__props,{mit}:{emit:(e:'foo'|'bar')=>void),exoe:an,sos:anyattr:any}{eturn{mi}}})"`exports`SFCompilescritsetup>wihTpeScrip>efinPropsw/exportedinteface1`]`"impor{definCmponntas_definCmponent}fro've'exortinterfacProps{x?numbe}exotdefault*__PURE__*/_defieCmponent({props:{:typeNumber,reuiredflse},setp__prop:ay){return{}})"`;eports[`SFCcompile<scriptsetup>>withTyeScript>defnePropsw/exportedinterfacinormlsrpt1`]`"imort{dfneCompnetas_deineCompnentfrom've'exortintrfaePops{x?:uber}xportdefault/*#__PUE__*/_dfineComonent(pops:x:{type:Nubr,required:ale}},etup(_propsany{eturn{}})`;exports[`SFCcmple<scriptsetup>>ihTypScript>deinePrpwexprtedtpalias1`=`"iport{deineCompnentas_defineComponent}from'vue'exportypeProps={?:number}exportdefault/*#_URE_*/dfineCmpnen({pros{x:{typ:Numer,equiredfals}},setp(__rops:ay){etrn{}}})`expots[`SFCcompile<scritsetup>withTypScriptdfineropsw/intefce1`]=`"imprtdefieCompnentas_efneCoponent}fromvueiterfacePos{x?:number}exprtefault/*#__PURE_*_defneComponent{props:x:{type:Number,required:false}},setup__props:any{return{}})"`;exports[`SFCcompile<srptseup>ithTyeScrit>defnPropsw/ype1`=`"mport{efieComponetas_defieComponnt}fom'vueintefaceTet{}ypAlias=nmer[]xportdefault/*#__PUE__*/_dfineComonent(pops:string:{tyeString,requre:tru},nmer:{typeNmber,required:tue,boolean:{type:Boean,equired:tru},objec:{type:Object,required:true},objectLieral:{type:bject,required:true},fn:{ye:Fucto,requred:rue},uctionRf:type:Fnction,equied:tru},obectRef{tye:bject,rqiredtrue},dateTime:{typ:Date,rquired:rue},ary:{tpe:Array,rqired:true},rryRef:{tye:Array,rquie:true},tpe:{type:Array,rqured:true},set:{tp:Setrequired:tre},litera:{typ:trig,requred:tru},optioal:{type:null,required:false},recordRf:{ye:Objct,requred:true}interace:{type:Object,equied:true,alias:{type:Array,rquired:rue},mehod:{tp:Funtion,requie:true},symbl:type:Symol,requird:rue},uion:{tpe:Sring,Nume],required:true,lteralUnion:{typeSringrequied:tru},literalnionNmer:type:Nmber,reuired:tue},literalUnionMixed:{type:[String,Nmbe,oolea],requied:true},ntersction:{type:Objec,reqired:tre},foo:{type:[Functin,null]require:true},etup__props:an)return{}}})`;xports[`FCcopile<critetup>>wihypeScript>definPrpsw/typealias1`]`impot{defineComonenas_deieompnent}fom'vue'ypeProp={x?:number}exportdefault/*#__PURE__*_deieCompnent({pops:{x:{tpe:Nuber,required:fals}},stup(__pops:any){return{}}})`;expors[`SFCcmpile<ciptstup>>withTpScript>defiePops/Emitwrunieoptions`=`"import{definCoponentas_defineCmonen}from'vue'expotdefal/*#_PURE_*/_defieComponnt({props:{foo:String},emits:['a','b',seu(__prps,{emi}){constpops=_propsreturn{propsemit}})"`;eports[`SFCcompile<sciptsetu>>withTpeScrithoistypedeclartons1`]=`"imor{defneCmonentas_eineComponent}frm'ue'exportinterfaeoo{}ypeBar={}expordefalt/*#_PURE_*_defineComponet({setu(__props){return{}}})"`;exports[`SFCcmpile<scitsetu>>withTpeScript>mportype1`]=`iport{efineCoponentas_efinComponent}rm'vueimporttye{Foo}fro'./min.ts'impr{typear,Baz}rom'./mai.ts'xportdefault/*#_PRE__*_defineomponent(setu(__prp){retrn{Baz}}}"`;export[`SFcompile<scripteup>>wthTypeScrpt>runtimEnum`]=`"import{eineCoponenta_defineCoponet}from'vue'nmFoo{=123}xportdefalt/*__PURE__/definComponnt({setup__prps){return{o}}})";expors[`SFCcomile<criptsetp>withypeScrpt>runtimEnumnnormasript1]=`"mport{defneCoponentas_dfneComonent}fom'vue'enmFooA=123}exporeumD{D\\"D\"}constenmC{C=\"C\\"}enumBB\\"B\"}expordefault/*__PUE__*/_defineoponen({setup__props){etur{D,C,B,Fo}})"`export[`SFCcomple<sriptsetup>ithTyeScript>wthDefault(dynmic)1`]=`iport{ergeDefultsas_megeDeaults,deieCompnentas_dfineCompnent}fromvue'mport{defaults}rm'./fo'expordefault/*__PUE__*/_defineComponent{rops:mergeDeaults({fo:{tye:String,required:fas},bar{type:Nuber,reqired:fals},baz:{tye:Bolean,required:tu}},{..defauls}),setup__prps:any{onstpops=__propas{foo:stringba?:nuberbaz:boolean}reurn{rops,deaults}}})"`;exports[SFCcomple<scritsetup>ithTpeScript>wtDefaults(stti)1`]`"imprt{eineCompoetas_defineCompoen}from'vue'exporteault*#__PURE_*/_deieompnent({rops:{fo:{typeString,required:false,default:'hi'},br:{ye:Numer,requred:false,baz:type:Boolean,requred:rue},qu:{type:Function,requred:fale,defaut(){reun1}},setup(__pos:any){constprop=_propsasfoo:strng,a?:numberbz:boolean,qux()nuber}return{props})"`;