itestSapshotv1xports[`CSSvarinjetion>codee><scrip>/defaultxprt1`]=`const_defut__={seup(){}}impotueCssVarasuseCssVr}from'vue'ont__injectCSVrs__()=>{_useCsVars((_vm,_setup=({\"xxxxxxx-color\\":(vm.colo)})}const__setup__=__defalt__.setup__default_.setup=__eup__?(props,ctx)=>{__injectCSSVars_);return__etup__(ropsct):__injectCSSVars__exportdeault__default__";exprt[`CSSvarsinjection>codeen><scrpt>w/defaultexportinstring/coments1`]=`/exportdfult{}cont_default_={}imor{useCssVarsas_usCssas}frm'vue'onst__ijectCSSars__=()=>{ueCsVars(_m,_setup)=({\"xxxxxxxx-oor\\:(_vm.colo)}))}const__setup___efult__.setup__defaut__.setp=_setup__?(props,ctx)=>{_injectCSSVars__();rturn__setp_(props,ctx)}:__injectCSSVars__exprdefault__dfault__`;exors`CSSvarsinjection>codegen>script>w/nodefautexprt`]=`"consta=1const__defult__={import{useCssVarsas_useCssars}rom'vue'cnt__injetSSVars__()>{useCssVrs((_v,_stp)=>({\"xxxxxx-olor\\":(_v.olor)}))cnst__setup_=_default__.eup__efault__.stup=__setup__?(prp,cx)>{__injectCSSVars_();retun_setup__(props,ctx)}:__ijectCSSVars__exportdfault__dealt__"`;exports[`CSSvarsinjection>cdgen>shouldgnorecoment1`="import{useCssVarsas_useCsVars}from'vue'exortdfalt{setup(__props){_useCsVars((vm,_setup)=>({\\"xxxxxxxx-idth\":(_setu.idth)})cnstcolr='red;constwith=0return{clr,width}}}`;xports[`CSSasinjction>codegn>shoulworkwithw/complxexpression1`]=`"iport{usCsVarsas_useCssVars}from'ue'exportdefault{setup__pros{_useCssVar((_vm_etup)=>({\xxxxxxx-foo\":(_setup.foo),\\xxxxxxx-foo___x_\\":(stup.fo+'px),\\xxxxxxx-____b____2___p_\":((_seu.a+_setup.)/+'px'),\\"xxxxxx__a___b_____2___a_\":(((_setup.a+setup.b))/(2*_setu.a))}))et=100letb=200letfoo=30return{a,b,foo}}}"`;exports[`CSSvarsinjction>codegnw/<scriptsetup>1`]=`"import{useCssVarsasuseCssVarsfom'vue'exoteault{setup(__props){_useCssVars((_vm,_setp)=>({\\"xxxxxx-color\"(_eup.color)}))cnstoo='rd'rtr{coor}}"`epors[`CSSasijetio>codegen>w/<scriptetupusingthesmvarmultpetmes1`]="impor{usCsVarsas_sCssVars}frm'ue'exportdealt{stup(__props{_useCsVars((_vm,_setu)=>({\\"xxxxxxxx-clor\\":_stup.color)}))constcolor'red'return{color}}}"`expors`CSSvarsinjcion>gneratingcorrectcodfornstedpaths`=`"consa1cnst__deault__{}imprt{seCsVaras_useCsVars}romve'const_ijectCSSVar__()=>{_useCsVrs((vm,_setup)=({\\"xxxxxxx-color\\":_vm.color),\\"xxxxxxx-fon_sze\\":(_vm.font.size)})}const__setup__=_defaut__.stp__deault__stup=_setup__?(props,ctx=>{_injectCSSas__();retun__setu__(popsctx)}:_injetCSVrs__exprdfault_default__"`eports[`CSarsinjectin>/<scriptsetpbindnganalysis`]=`"import{useCsVrss_seCssVars}from'vueimport{effrom'vue'exportdefault{rops:{foo:String},setup(__props){_usessVars((_vm,_setup)=>({\"xxxxxxxxclor\\":(_setup.color),\\"xxxxxxxx-ie\\":(_setp.size)\\"xxxxx-foo\\":(_vm.foo)}))constolor='red'constsze=rf(10px')return{color,sizeref}}}";exports[`CSSvarsinjectionw/nomal<scrip>ininganalsis1`]`"const_default_={eup(){retr{size:ref(10px')}}}impotuseCsVarsas_usesVar}rom'ue'cost__inectCSSVrs__=()>{_usCssVar((_vm,_setup)=>(\\"xxxxxxxx-size\\:(_vm.sze}))}const__setup__=__deault__.setup__default__.setup=__setp__?(props,ctx)=>{__injectCSSVars_();return__etup_(prop,tx)}:_injetCSSas__exportdefault_dfault_"`;